Archive member included to satisfy reference by file (symbol)

/opt/ST/STM32CubeCLT_1.16.0/GNU-tools-for-STM32/bin/../lib/gcc/arm-none-eabi/12.3.1/../../../../arm-none-eabi/lib/thumb/v8-m.main+fp/hard/libc_nano.a(libc_a-exit.o)
                              /opt/ST/STM32CubeCLT_1.16.0/GNU-tools-for-STM32/bin/../lib/gcc/arm-none-eabi/12.3.1/../../../../arm-none-eabi/lib/thumb/v8-m.main+fp/hard/crt0.o (exit)
/opt/ST/STM32CubeCLT_1.16.0/GNU-tools-for-STM32/bin/../lib/gcc/arm-none-eabi/12.3.1/../../../../arm-none-eabi/lib/thumb/v8-m.main+fp/hard/libc_nano.a(libc_a-findfp.o)
                              /opt/ST/STM32CubeCLT_1.16.0/GNU-tools-for-STM32/bin/../lib/gcc/arm-none-eabi/12.3.1/../../../../arm-none-eabi/lib/thumb/v8-m.main+fp/hard/libc_nano.a(libc_a-exit.o) (__stdio_exit_handler)
/opt/ST/STM32CubeCLT_1.16.0/GNU-tools-for-STM32/bin/../lib/gcc/arm-none-eabi/12.3.1/../../../../arm-none-eabi/lib/thumb/v8-m.main+fp/hard/libc_nano.a(libc_a-fwalk.o)
                              /opt/ST/STM32CubeCLT_1.16.0/GNU-tools-for-STM32/bin/../lib/gcc/arm-none-eabi/12.3.1/../../../../arm-none-eabi/lib/thumb/v8-m.main+fp/hard/libc_nano.a(libc_a-findfp.o) (_fwalk_sglue)
/opt/ST/STM32CubeCLT_1.16.0/GNU-tools-for-STM32/bin/../lib/gcc/arm-none-eabi/12.3.1/../../../../arm-none-eabi/lib/thumb/v8-m.main+fp/hard/libc_nano.a(libc_a-memset.o)
                              /opt/ST/STM32CubeCLT_1.16.0/GNU-tools-for-STM32/bin/../lib/gcc/arm-none-eabi/12.3.1/../../../../arm-none-eabi/lib/thumb/v8-m.main+fp/hard/crt0.o (memset)
/opt/ST/STM32CubeCLT_1.16.0/GNU-tools-for-STM32/bin/../lib/gcc/arm-none-eabi/12.3.1/../../../../arm-none-eabi/lib/thumb/v8-m.main+fp/hard/libc_nano.a(libc_a-impure.o)
                              /opt/ST/STM32CubeCLT_1.16.0/GNU-tools-for-STM32/bin/../lib/gcc/arm-none-eabi/12.3.1/../../../../arm-none-eabi/lib/thumb/v8-m.main+fp/hard/libc_nano.a(libc_a-findfp.o) (_impure_data)
/opt/ST/STM32CubeCLT_1.16.0/GNU-tools-for-STM32/bin/../lib/gcc/arm-none-eabi/12.3.1/../../../../arm-none-eabi/lib/thumb/v8-m.main+fp/hard/libc_nano.a(libc_a-init.o)
                              /opt/ST/STM32CubeCLT_1.16.0/GNU-tools-for-STM32/bin/../lib/gcc/arm-none-eabi/12.3.1/../../../../arm-none-eabi/lib/thumb/v8-m.main+fp/hard/crt0.o (__libc_init_array)
/opt/ST/STM32CubeCLT_1.16.0/GNU-tools-for-STM32/bin/../lib/gcc/arm-none-eabi/12.3.1/../../../../arm-none-eabi/lib/thumb/v8-m.main+fp/hard/libc_nano.a(libc_a-lock.o)
                              /opt/ST/STM32CubeCLT_1.16.0/GNU-tools-for-STM32/bin/../lib/gcc/arm-none-eabi/12.3.1/../../../../arm-none-eabi/lib/thumb/v8-m.main+fp/hard/libc_nano.a(libc_a-findfp.o) (__retarget_lock_init_recursive)
/opt/ST/STM32CubeCLT_1.16.0/GNU-tools-for-STM32/bin/../lib/gcc/arm-none-eabi/12.3.1/../../../../arm-none-eabi/lib/thumb/v8-m.main+fp/hard/libc_nano.a(libc_a-mallocr.o)
                              /opt/ST/STM32CubeCLT_1.16.0/GNU-tools-for-STM32/bin/../lib/gcc/arm-none-eabi/12.3.1/../../../../arm-none-eabi/lib/thumb/v8-m.main+fp/hard/libc_nano.a(libc_a-findfp.o) (_malloc_r)
/opt/ST/STM32CubeCLT_1.16.0/GNU-tools-for-STM32/bin/../lib/gcc/arm-none-eabi/12.3.1/../../../../arm-none-eabi/lib/thumb/v8-m.main+fp/hard/libc_nano.a(libc_a-fflush.o)
                              /opt/ST/STM32CubeCLT_1.16.0/GNU-tools-for-STM32/bin/../lib/gcc/arm-none-eabi/12.3.1/../../../../arm-none-eabi/lib/thumb/v8-m.main+fp/hard/libc_nano.a(libc_a-findfp.o) (_fflush_r)
/opt/ST/STM32CubeCLT_1.16.0/GNU-tools-for-STM32/bin/../lib/gcc/arm-none-eabi/12.3.1/../../../../arm-none-eabi/lib/thumb/v8-m.main+fp/hard/libc_nano.a(libc_a-mlock.o)
                              /opt/ST/STM32CubeCLT_1.16.0/GNU-tools-for-STM32/bin/../lib/gcc/arm-none-eabi/12.3.1/../../../../arm-none-eabi/lib/thumb/v8-m.main+fp/hard/libc_nano.a(libc_a-mallocr.o) (__malloc_lock)
/opt/ST/STM32CubeCLT_1.16.0/GNU-tools-for-STM32/bin/../lib/gcc/arm-none-eabi/12.3.1/../../../../arm-none-eabi/lib/thumb/v8-m.main+fp/hard/libc_nano.a(libc_a-stdio.o)
                              /opt/ST/STM32CubeCLT_1.16.0/GNU-tools-for-STM32/bin/../lib/gcc/arm-none-eabi/12.3.1/../../../../arm-none-eabi/lib/thumb/v8-m.main+fp/hard/libc_nano.a(libc_a-findfp.o) (__sread)
/opt/ST/STM32CubeCLT_1.16.0/GNU-tools-for-STM32/bin/../lib/gcc/arm-none-eabi/12.3.1/../../../../arm-none-eabi/lib/thumb/v8-m.main+fp/hard/libc_nano.a(libc_a-closer.o)
                              /opt/ST/STM32CubeCLT_1.16.0/GNU-tools-for-STM32/bin/../lib/gcc/arm-none-eabi/12.3.1/../../../../arm-none-eabi/lib/thumb/v8-m.main+fp/hard/libc_nano.a(libc_a-stdio.o) (_close_r)
/opt/ST/STM32CubeCLT_1.16.0/GNU-tools-for-STM32/bin/../lib/gcc/arm-none-eabi/12.3.1/../../../../arm-none-eabi/lib/thumb/v8-m.main+fp/hard/libc_nano.a(libc_a-reent.o)
                              /opt/ST/STM32CubeCLT_1.16.0/GNU-tools-for-STM32/bin/../lib/gcc/arm-none-eabi/12.3.1/../../../../arm-none-eabi/lib/thumb/v8-m.main+fp/hard/libc_nano.a(libc_a-closer.o) (errno)
[...]
Memory Configuration

Name             Origin             Length             Attributes
RAM              0x20000000         0x00008000         xrw
FLASH            0x08000000         0x00020000         xr
*default*        0x00000000         0xffffffff

Linker script and memory map

LOAD /opt/ST/STM32CubeCLT_1.16.0/GNU-tools-for-STM32/bin/../lib/gcc/arm-none-eabi/12.3.1/thumb/v8-m.main+fp/hard/crti.o
LOAD /opt/ST/STM32CubeCLT_1.16.0/GNU-tools-for-STM32/bin/../lib/gcc/arm-none-eabi/12.3.1/thumb/v8-m.main+fp/hard/crtbegin.o
LOAD /opt/ST/STM32CubeCLT_1.16.0/GNU-tools-for-STM32/bin/../lib/gcc/arm-none-eabi/12.3.1/../../../../arm-none-eabi/lib/thumb/v8-m.main+fp/hard/crt0.o
START GROUP
LOAD /opt/ST/STM32CubeCLT_1.16.0/GNU-tools-for-STM32/bin/../lib/gcc/arm-none-eabi/12.3.1/../../../../arm-none-eabi/lib/thumb/v8-m.main+fp/hard/libc_nano.a
LOAD /opt/ST/STM32CubeCLT_1.16.0/GNU-tools-for-STM32/bin/../lib/gcc/arm-none-eabi/12.3.1/../../../../arm-none-eabi/lib/thumb/v8-m.main+fp/hard/libm.a
END GROUP
LOAD CMakeFiles/polyvarium_v2.dir/Core/Src/events.c.obj
LOAD CMakeFiles/polyvarium_v2.dir/Core/Src/fsm.c.obj
LOAD CMakeFiles/polyvarium_v2.dir/Core/Src/inputs.c.obj
LOAD CMakeFiles/polyvarium_v2.dir/Core/Src/timers.c.obj
LOAD CMakeFiles/polyvarium_v2.dir/Core/Src/main.c.obj
LOAD CMakeFiles/polyvarium_v2.dir/Core/Src/stm32h5xx_it.c.obj
LOAD CMakeFiles/polyvarium_v2.dir/Core/Src/stm32h5xx_hal_msp.c.obj
LOAD CMakeFiles/polyvarium_v2.dir/Drivers/STM32H5xx_HAL_Driver/Src/stm32h5xx_hal_cortex.c.obj
LOAD CMakeFiles/polyvarium_v2.dir/Drivers/STM32H5xx_HAL_Driver/Src/stm32h5xx_hal_rcc.c.obj
LOAD CMakeFiles/polyvarium_v2.dir/Drivers/STM32H5xx_HAL_Driver/Src/stm32h5xx_hal_rcc_ex.c.obj
LOAD CMakeFiles/polyvarium_v2.dir/Drivers/STM32H5xx_HAL_Driver/Src/stm32h5xx_hal_flash.c.obj
LOAD CMakeFiles/polyvarium_v2.dir/Drivers/STM32H5xx_HAL_Driver/Src/stm32h5xx_hal_flash_ex.c.obj
LOAD CMakeFiles/polyvarium_v2.dir/Drivers/STM32H5xx_HAL_Driver/Src/stm32h5xx_hal_gpio.c.obj
LOAD CMakeFiles/polyvarium_v2.dir/Drivers/STM32H5xx_HAL_Driver/Src/stm32h5xx_hal_dma.c.obj
LOAD CMakeFiles/polyvarium_v2.dir/Drivers/STM32H5xx_HAL_Driver/Src/stm32h5xx_hal_dma_ex.c.obj
LOAD CMakeFiles/polyvarium_v2.dir/Drivers/STM32H5xx_HAL_Driver/Src/stm32h5xx_hal_pwr.c.obj
LOAD CMakeFiles/polyvarium_v2.dir/Drivers/STM32H5xx_HAL_Driver/Src/stm32h5xx_hal_pwr_ex.c.obj
LOAD CMakeFiles/polyvarium_v2.dir/Drivers/STM32H5xx_HAL_Driver/Src/stm32h5xx_hal.c.obj
LOAD CMakeFiles/polyvarium_v2.dir/Drivers/STM32H5xx_HAL_Driver/Src/stm32h5xx_hal_exti.c.obj
LOAD CMakeFiles/polyvarium_v2.dir/Drivers/STM32H5xx_HAL_Driver/Src/stm32h5xx_hal_tim.c.obj
LOAD CMakeFiles/polyvarium_v2.dir/Drivers/STM32H5xx_HAL_Driver/Src/stm32h5xx_hal_tim_ex.c.obj
LOAD CMakeFiles/polyvarium_v2.dir/Core/Src/system_stm32h5xx.c.obj
LOAD CMakeFiles/polyvarium_v2.dir/Core/Src/sysmem.c.obj
LOAD CMakeFiles/polyvarium_v2.dir/Core/Src/syscalls.c.obj
LOAD CMakeFiles/polyvarium_v2.dir/startup_stm32h503xx.s.obj
START GROUP
LOAD /opt/ST/STM32CubeCLT_1.16.0/GNU-tools-for-STM32/bin/../lib/gcc/arm-none-eabi/12.3.1/thumb/v8-m.main+fp/hard/libgcc.a
LOAD /opt/ST/STM32CubeCLT_1.16.0/GNU-tools-for-STM32/bin/../lib/gcc/arm-none-eabi/12.3.1/../../../../arm-none-eabi/lib/thumb/v8-m.main+fp/hard/libg_nano.a
LOAD /opt/ST/STM32CubeCLT_1.16.0/GNU-tools-for-STM32/bin/../lib/gcc/arm-none-eabi/12.3.1/../../../../arm-none-eabi/lib/thumb/v8-m.main+fp/hard/libc_nano.a
END GROUP
START GROUP
LOAD /opt/ST/STM32CubeCLT_1.16.0/GNU-tools-for-STM32/bin/../lib/gcc/arm-none-eabi/12.3.1/thumb/v8-m.main+fp/hard/libgcc.a
LOAD /opt/ST/STM32CubeCLT_1.16.0/GNU-tools-for-STM32/bin/../lib/gcc/arm-none-eabi/12.3.1/../../../../arm-none-eabi/lib/thumb/v8-m.main+fp/hard/libc_nano.a
END GROUP
LOAD /opt/ST/STM32CubeCLT_1.16.0/GNU-tools-for-STM32/bin/../lib/gcc/arm-none-eabi/12.3.1/thumb/v8-m.main+fp/hard/crtend.o
LOAD /opt/ST/STM32CubeCLT_1.16.0/GNU-tools-for-STM32/bin/../lib/gcc/arm-none-eabi/12.3.1/thumb/v8-m.main+fp/hard/crtn.o
                0x20008000                        _estack = (ORIGIN (RAM) + LENGTH (RAM))
                0x00000200                        _Min_Heap_Size = 0x200
                0x00000400                        _Min_Stack_Size = 0x400

.isr_vector     0x08000000      0x258
                0x08000000                        . = ALIGN (0x4)
 *(.isr_vector)
 .isr_vector    0x08000000      0x258 CMakeFiles/polyvarium_v2.dir/startup_stm32h503xx.s.obj
                0x08000000                g_pfnVectors
                0x08000258                        . = ALIGN (0x4)

.text           0x08000258     0x15f8
                0x08000258                        . = ALIGN (0x4)
 *(.text)
 .text          0x08000258       0x40 /opt/ST/STM32CubeCLT_1.16.0/GNU-tools-for-STM32/bin/../lib/gcc/arm-none-eabi/12.3.1/thumb/v8-m.main+fp/hard/crtbegin.o
 *(.text*)
 .text.memset   0x08000298       0x10 /opt/ST/STM32CubeCLT_1.16.0/GNU-tools-for-STM32/bin/../lib/gcc/arm-none-eabi/12.3.1/../../../../arm-none-eabi/lib/thumb/v8-m.main+fp/hard/libc_nano.a(libc_a-memset.o)
                0x08000298                memset
 .text.__libc_init_array
                0x080002a8       0x48 /opt/ST/STM32CubeCLT_1.16.0/GNU-tools-for-STM32/bin/../lib/gcc/arm-none-eabi/12.3.1/../../../../arm-none-eabi/lib/thumb/v8-m.main+fp/hard/libc_nano.a(libc_a-init.o)
                0x080002a8                __libc_init_array
 .text.tmr_init
                0x080002f0       0x20 CMakeFiles/polyvarium_v2.dir/Core/Src/timers.c.obj
                0x080002f0                tmr_init
 .text.main     0x08000310       0x14 CMakeFiles/polyvarium_v2.dir/Core/Src/main.c.obj
                0x08000310                main
 .text.SystemClock_Config
                0x08000324       0xb0 CMakeFiles/polyvarium_v2.dir/Core/Src/main.c.obj
                0x08000324                SystemClock_Config
 .text.Error_Handler
                0x080003d4        0xc CMakeFiles/polyvarium_v2.dir/Core/Src/main.c.obj
                0x080003d4                Error_Handler
 .text.NMI_Handler
                0x080003e0        0x8 CMakeFiles/polyvarium_v2.dir/Core/Src/stm32h5xx_it.c.obj
                0x080003e0                NMI_Handler
 .text.HardFault_Handler
                0x080003e8        0x8 CMakeFiles/polyvarium_v2.dir/Core/Src/stm32h5xx_it.c.obj
                0x080003e8                HardFault_Handler
 .text.MemManage_Handler
                0x080003f0        0x8 CMakeFiles/polyvarium_v2.dir/Core/Src/stm32h5xx_it.c.obj
                0x080003f0                MemManage_Handler
 .text.BusFault_Handler
                0x080003f8        0x8 CMakeFiles/polyvarium_v2.dir/Core/Src/stm32h5xx_it.c.obj
                0x080003f8                BusFault_Handler
 .text.UsageFault_Handler
                0x08000400        0x8 CMakeFiles/polyvarium_v2.dir/Core/Src/stm32h5xx_it.c.obj
                0x08000400                UsageFault_Handler
 .text.SVC_Handler
                0x08000408        0xe CMakeFiles/polyvarium_v2.dir/Core/Src/stm32h5xx_it.c.obj
                0x08000408                SVC_Handler
 .text.DebugMon_Handler
                0x08000416        0xe CMakeFiles/polyvarium_v2.dir/Core/Src/stm32h5xx_it.c.obj
                0x08000416                DebugMon_Handler
 .text.PendSV_Handler
                0x08000424        0xe CMakeFiles/polyvarium_v2.dir/Core/Src/stm32h5xx_it.c.obj
                0x08000424                PendSV_Handler
 .text.SysTick_Handler
                0x08000432        0xc CMakeFiles/polyvarium_v2.dir/Core/Src/stm32h5xx_it.c.obj
                0x08000432                SysTick_Handler
 .text.HAL_MspInit
                0x0800043e        0xe CMakeFiles/polyvarium_v2.dir/Core/Src/stm32h5xx_hal_msp.c.obj
                0x0800043e                HAL_MspInit
 .text.__NVIC_SetPriorityGrouping
                0x0800044c       0x48 CMakeFiles/polyvarium_v2.dir/Drivers/STM32H5xx_HAL_Driver/Src/stm32h5xx_hal_cortex.c.obj
 .text.__NVIC_GetPriorityGrouping
                0x08000494       0x1c CMakeFiles/polyvarium_v2.dir/Drivers/STM32H5xx_HAL_Driver/Src/stm32h5xx_hal_cortex.c.obj
 .text.__NVIC_SetPriority
                0x080004b0       0x54 CMakeFiles/polyvarium_v2.dir/Drivers/STM32H5xx_HAL_Driver/Src/stm32h5xx_hal_cortex.c.obj
 .text.NVIC_EncodePriority
                0x08000504       0x66 CMakeFiles/polyvarium_v2.dir/Drivers/STM32H5xx_HAL_Driver/Src/stm32h5xx_hal_cortex.c.obj
 .text.HAL_NVIC_SetPriorityGrouping
                0x0800056a       0x16 CMakeFiles/polyvarium_v2.dir/Drivers/STM32H5xx_HAL_Driver/Src/stm32h5xx_hal_cortex.c.obj
                0x0800056a                HAL_NVIC_SetPriorityGrouping
 .text.HAL_NVIC_SetPriority
                0x08000580       0x34 CMakeFiles/polyvarium_v2.dir/Drivers/STM32H5xx_HAL_Driver/Src/stm32h5xx_hal_cortex.c.obj
                0x08000580                HAL_NVIC_SetPriority
 .text.HAL_SYSTICK_Config
                0x080005b4       0x44 CMakeFiles/polyvarium_v2.dir/Drivers/STM32H5xx_HAL_Driver/Src/stm32h5xx_hal_cortex.c.obj
                0x080005b4                HAL_SYSTICK_Config
 .text.HAL_SYSTICK_CLKSourceConfig
                0x080005f8       0xb0 CMakeFiles/polyvarium_v2.dir/Drivers/STM32H5xx_HAL_Driver/Src/stm32h5xx_hal_cortex.c.obj
                0x080005f8                HAL_SYSTICK_CLKSourceConfig
 .text.HAL_SYSTICK_GetCLKSourceConfig
                0x080006a8       0x6c CMakeFiles/polyvarium_v2.dir/Drivers/STM32H5xx_HAL_Driver/Src/stm32h5xx_hal_cortex.c.obj
                0x080006a8                HAL_SYSTICK_GetCLKSourceConfig
 .text.HAL_RCC_OscConfig
                0x08000714      0x870 CMakeFiles/polyvarium_v2.dir/Drivers/STM32H5xx_HAL_Driver/Src/stm32h5xx_hal_rcc.c.obj
                0x08000714                HAL_RCC_OscConfig
 .text.HAL_RCC_ClockConfig
                0x08000f84      0x370 CMakeFiles/polyvarium_v2.dir/Drivers/STM32H5xx_HAL_Driver/Src/stm32h5xx_hal_rcc.c.obj
                0x08000f84                HAL_RCC_ClockConfig
 .text.HAL_RCC_GetSysClockFreq
                0x080012f4      0x258 CMakeFiles/polyvarium_v2.dir/Drivers/STM32H5xx_HAL_Driver/Src/stm32h5xx_hal_rcc.c.obj
                0x080012f4                HAL_RCC_GetSysClockFreq
 .text.HAL_RCC_GetHCLKFreq
                0x0800154c       0x38 CMakeFiles/polyvarium_v2.dir/Drivers/STM32H5xx_HAL_Driver/Src/stm32h5xx_hal_rcc.c.obj
                0x0800154c                HAL_RCC_GetHCLKFreq
 .text.HAL_Init
                0x08001584       0x50 CMakeFiles/polyvarium_v2.dir/Drivers/STM32H5xx_HAL_Driver/Src/stm32h5xx_hal.c.obj
                0x08001584                HAL_Init
 .text.HAL_InitTick
                0x080015d4       0xec CMakeFiles/polyvarium_v2.dir/Drivers/STM32H5xx_HAL_Driver/Src/stm32h5xx_hal.c.obj
                0x080015d4                HAL_InitTick
 .text.HAL_IncTick
                0x080016c0       0x28 CMakeFiles/polyvarium_v2.dir/Drivers/STM32H5xx_HAL_Driver/Src/stm32h5xx_hal.c.obj
                0x080016c0                HAL_IncTick
 .text.HAL_GetTick
                0x080016e8       0x18 CMakeFiles/polyvarium_v2.dir/Drivers/STM32H5xx_HAL_Driver/Src/stm32h5xx_hal.c.obj
                0x080016e8                HAL_GetTick
 .text.SystemInit
                0x08001700       0xe4 CMakeFiles/polyvarium_v2.dir/Core/Src/system_stm32h5xx.c.obj
                0x08001700                SystemInit
 .text.Reset_Handler
                0x080017e4       0x50 CMakeFiles/polyvarium_v2.dir/startup_stm32h503xx.s.obj
                0x080017e4                Reset_Handler
 .text.Default_Handler
                0x08001834        0x2 CMakeFiles/polyvarium_v2.dir/startup_stm32h503xx.s.obj
                0x08001834                HASH_IRQHandler
                0x08001834                EXTI5_IRQHandler
                0x08001834                I3C1_ER_IRQHandler
                0x08001834                GPDMA2_Channel1_IRQHandler
                0x08001834                EXTI13_IRQHandler
                0x08001834                TIM1_CC_IRQHandler
                0x08001834                GPDMA2_Channel3_IRQHandler
                0x08001834                TAMP_IRQHandler
                0x08001834                TIM6_IRQHandler
                0x08001834                EXTI12_IRQHandler
                0x08001834                USB_DRD_FS_IRQHandler
                0x08001834                EXTI3_IRQHandler
                0x08001834                GPDMA1_Channel5_IRQHandler
                0x08001834                EXTI8_IRQHandler
                0x08001834                GPDMA2_Channel5_IRQHandler
                0x08001834                LPTIM2_IRQHandler
                0x08001834                GPDMA2_Channel2_IRQHandler
                0x08001834                EXTI0_IRQHandler
                0x08001834                I2C2_EV_IRQHandler
                0x08001834                FPU_IRQHandler
                0x08001834                GPDMA1_Channel3_IRQHandler
                0x08001834                GPDMA1_Channel7_IRQHandler
                0x08001834                FDCAN1_IT1_IRQHandler
                0x08001834                RAMCFG_IRQHandler
                0x08001834                SPI1_IRQHandler
                0x08001834                GPDMA1_Channel2_IRQHandler
                0x08001834                ADC1_IRQHandler
                0x08001834                I3C2_ER_IRQHandler
                0x08001834                EXTI15_IRQHandler
                0x08001834                USART3_IRQHandler
                0x08001834                RTC_IRQHandler
                0x08001834                EXTI9_IRQHandler
                0x08001834                I3C2_EV_IRQHandler
                0x08001834                I2C1_EV_IRQHandler
                0x08001834                GPDMA1_Channel1_IRQHandler
                0x08001834                TIM3_IRQHandler
                0x08001834                RCC_IRQHandler
                0x08001834                TIM1_TRG_COM_IRQHandler
                0x08001834                Default_Handler
                0x08001834                GPDMA2_Channel4_IRQHandler
                0x08001834                TIM7_IRQHandler
                0x08001834                GPDMA1_Channel0_IRQHandler
                0x08001834                I3C1_EV_IRQHandler
                0x08001834                PVD_AVD_IRQHandler
                0x08001834                SPI2_IRQHandler
                0x08001834                EXTI14_IRQHandler
                0x08001834                EXTI11_IRQHandler
                0x08001834                CRS_IRQHandler
                0x08001834                EXTI4_IRQHandler
                0x08001834                GPDMA2_Channel0_IRQHandler
                0x08001834                RNG_IRQHandler
                0x08001834                GPDMA2_Channel6_IRQHandler
                0x08001834                TIM1_UP_IRQHandler
                0x08001834                WWDG_IRQHandler
                0x08001834                IWDG_IRQHandler
                0x08001834                LPUART1_IRQHandler
                0x08001834                FDCAN1_IT0_IRQHandler
                0x08001834                TIM2_IRQHandler
                0x08001834                GPDMA1_Channel4_IRQHandler
                0x08001834                EXTI7_IRQHandler
                0x08001834                TIM1_BRK_IRQHandler
                0x08001834                EXTI1_IRQHandler
                0x08001834                DAC1_IRQHandler
                0x08001834                DTS_IRQHandler
                0x08001834                GTZC_IRQHandler
                0x08001834                USART2_IRQHandler
                0x08001834                GPDMA1_Channel6_IRQHandler
                0x08001834                GPDMA2_Channel7_IRQHandler
                0x08001834                I2C2_ER_IRQHandler
                0x08001834                FLASH_IRQHandler
                0x08001834                USART1_IRQHandler
                0x08001834                EXTI10_IRQHandler
                0x08001834                SPI3_IRQHandler
                0x08001834                I2C1_ER_IRQHandler
                0x08001834                EXTI6_IRQHandler
                0x08001834                COMP1_IRQHandler
                0x08001834                LPTIM1_IRQHandler
                0x08001834                ICACHE_IRQHandler
                0x08001834                EXTI2_IRQHandler
 *(.glue_7)
 .glue_7        0x08001836        0x0 linker stubs
 *(.glue_7t)
 .glue_7t       0x08001836        0x0 linker stubs
 *(.eh_frame)
 *fill*         0x08001836        0x2 
 .eh_frame      0x08001838        0x0 /opt/ST/STM32CubeCLT_1.16.0/GNU-tools-for-STM32/bin/../lib/gcc/arm-none-eabi/12.3.1/thumb/v8-m.main+fp/hard/crtbegin.o
 *(.init)
 .init          0x08001838        0x4 /opt/ST/STM32CubeCLT_1.16.0/GNU-tools-for-STM32/bin/../lib/gcc/arm-none-eabi/12.3.1/thumb/v8-m.main+fp/hard/crti.o
                0x08001838                _init
 .init          0x0800183c        0x8 /opt/ST/STM32CubeCLT_1.16.0/GNU-tools-for-STM32/bin/../lib/gcc/arm-none-eabi/12.3.1/thumb/v8-m.main+fp/hard/crtn.o
 *(.fini)
 .fini          0x08001844        0x4 /opt/ST/STM32CubeCLT_1.16.0/GNU-tools-for-STM32/bin/../lib/gcc/arm-none-eabi/12.3.1/thumb/v8-m.main+fp/hard/crti.o
                0x08001844                _fini
 .fini          0x08001848        0x8 /opt/ST/STM32CubeCLT_1.16.0/GNU-tools-for-STM32/bin/../lib/gcc/arm-none-eabi/12.3.1/thumb/v8-m.main+fp/hard/crtn.o
                0x08001850                        . = ALIGN (0x4)
                0x08001850                        _etext = .

.vfp11_veneer   0x08001850        0x0
 .vfp11_veneer  0x08001850        0x0 linker stubs

.v4_bx          0x08001850        0x0
 .v4_bx         0x08001850        0x0 linker stubs

.iplt           0x08001850        0x0
 .iplt          0x08001850        0x0 /opt/ST/STM32CubeCLT_1.16.0/GNU-tools-for-STM32/bin/../lib/gcc/arm-none-eabi/12.3.1/thumb/v8-m.main+fp/hard/crtbegin.o

.rodata         0x08001850       0x10
                0x08001850                        . = ALIGN (0x4)
 *(.rodata)
 *(.rodata*)
 .rodata.AHBPrescTable
                0x08001850       0x10 CMakeFiles/polyvarium_v2.dir/Core/Src/system_stm32h5xx.c.obj
                0x08001850                AHBPrescTable
                0x08001860                        . = ALIGN (0x4)

.ARM.extab      0x08001860        0x0
                0x08001860                        . = ALIGN (0x4)
 *(.ARM.extab* .gnu.linkonce.armextab.*)
                0x08001860                        . = ALIGN (0x4)

.ARM            0x08001860        0x0
                0x08001860                        . = ALIGN (0x4)
                0x08001860                        __exidx_start = .
 *(.ARM.exidx*)
                0x08001860                        __exidx_end = .
                0x08001860                        . = ALIGN (0x4)

.preinit_array  0x08001860        0x0
                0x08001860                        . = ALIGN (0x4)
                0x08001860                        PROVIDE (__preinit_array_start = .)
 *(.preinit_array*)
                0x08001860                        PROVIDE (__preinit_array_end = .)
                0x08001860                        . = ALIGN (0x4)

.init_array     0x08001860        0x4
                0x08001860                        . = ALIGN (0x4)
                0x08001860                        PROVIDE (__init_array_start = .)
 *(SORT_BY_NAME(.init_array.*))
 *(.init_array*)
 .init_array    0x08001860        0x4 /opt/ST/STM32CubeCLT_1.16.0/GNU-tools-for-STM32/bin/../lib/gcc/arm-none-eabi/12.3.1/thumb/v8-m.main+fp/hard/crtbegin.o
                0x08001864                        PROVIDE (__init_array_end = .)
                0x08001864                        . = ALIGN (0x4)

.fini_array     0x08001864        0x4
                0x08001864                        . = ALIGN (0x4)
                [!provide]                        PROVIDE (__fini_array_start = .)
 *(SORT_BY_NAME(.fini_array.*))
 *(.fini_array*)
 .fini_array    0x08001864        0x4 /opt/ST/STM32CubeCLT_1.16.0/GNU-tools-for-STM32/bin/../lib/gcc/arm-none-eabi/12.3.1/thumb/v8-m.main+fp/hard/crtbegin.o
                [!provide]                        PROVIDE (__fini_array_end = .)
                0x08001868                        . = ALIGN (0x4)
                0x08001868                        _sidata = LOADADDR (.data)

.rel.dyn        0x08001868        0x0
 .rel.iplt      0x08001868        0x0 /opt/ST/STM32CubeCLT_1.16.0/GNU-tools-for-STM32/bin/../lib/gcc/arm-none-eabi/12.3.1/thumb/v8-m.main+fp/hard/crtbegin.o

.data           0x20000000        0xc load address 0x08001868
                0x20000000                        . = ALIGN (0x4)
                0x20000000                        _sdata = .
 *(.data)
 *(.data*)
 .data.uwTickPrio
                0x20000000        0x4 CMakeFiles/polyvarium_v2.dir/Drivers/STM32H5xx_HAL_Driver/Src/stm32h5xx_hal.c.obj
                0x20000000                uwTickPrio
 .data.uwTickFreq
                0x20000004        0x1 CMakeFiles/polyvarium_v2.dir/Drivers/STM32H5xx_HAL_Driver/Src/stm32h5xx_hal.c.obj
                0x20000004                uwTickFreq
 *fill*         0x20000005        0x3 
 .data.SystemCoreClock
                0x20000008        0x4 CMakeFiles/polyvarium_v2.dir/Core/Src/system_stm32h5xx.c.obj
                0x20000008                SystemCoreClock
 *(.RamFunc)
 *(.RamFunc*)
                0x2000000c                        . = ALIGN (0x4)
                0x2000000c                        _edata = .

.igot.plt       0x2000000c        0x0 load address 0x08001874
 .igot.plt      0x2000000c        0x0 /opt/ST/STM32CubeCLT_1.16.0/GNU-tools-for-STM32/bin/../lib/gcc/arm-none-eabi/12.3.1/thumb/v8-m.main+fp/hard/crtbegin.o
                0x2000000c                        . = ALIGN (0x4)

.bss            0x2000000c       0x84 load address 0x08001874
                0x2000000c                        _sbss = .
                0x2000000c                        __bss_start__ = _sbss
 *(.bss)
 .bss           0x2000000c       0x1c /opt/ST/STM32CubeCLT_1.16.0/GNU-tools-for-STM32/bin/../lib/gcc/arm-none-eabi/12.3.1/thumb/v8-m.main+fp/hard/crtbegin.o
 *(.bss*)
 .bss.g_timers  0x20000028       0x60 CMakeFiles/polyvarium_v2.dir/Core/Src/timers.c.obj
 .bss.g_tmr_uptime_ticks
                0x20000088        0x4 CMakeFiles/polyvarium_v2.dir/Core/Src/timers.c.obj
 .bss.uwTick    0x2000008c        0x4 CMakeFiles/polyvarium_v2.dir/Drivers/STM32H5xx_HAL_Driver/Src/stm32h5xx_hal.c.obj
                0x2000008c                uwTick
 *(COMMON)
                0x20000090                        . = ALIGN (0x4)
                0x20000090                        _ebss = .
                0x20000090                        __bss_end__ = _ebss

._user_heap_stack
                0x20000090      0x600 load address 0x08001874
                0x20000090                        . = ALIGN (0x8)
                [!provide]                        PROVIDE (end = .)
                0x20000090                        PROVIDE (_end = .)
                0x20000290                        . = (. + _Min_Heap_Size)
 *fill*         0x20000090      0x200 
                0x20000690                        . = (. + _Min_Stack_Size)
 *fill*         0x20000290      0x400 
                0x20000690                        . = ALIGN (0x8)

/DISCARD/
 libc.a(*)
 libm.a(*)
 libgcc.a(*)

.ARM.attributes
                0x00000000       0x36
 *(.ARM.attributes)
 .ARM.attributes
                0x00000000       0x26 /opt/ST/STM32CubeCLT_1.16.0/GNU-tools-for-STM32/bin/../lib/gcc/arm-none-eabi/12.3.1/thumb/v8-m.main+fp/hard/crti.o
 .ARM.attributes
                0x00000026       0x38 /opt/ST/STM32CubeCLT_1.16.0/GNU-tools-for-STM32/bin/../lib/gcc/arm-none-eabi/12.3.1/thumb/v8-m.main+fp/hard/crtbegin.o
 .ARM.attributes
                0x0000005e       0x38 /opt/ST/STM32CubeCLT_1.16.0/GNU-tools-for-STM32/bin/../lib/gcc/arm-none-eabi/12.3.1/../../../../arm-none-eabi/lib/thumb/v8-m.main+fp/hard/libc_nano.a(libc_a-memset.o)
 .ARM.attributes
                0x00000096       0x38 /opt/ST/STM32CubeCLT_1.16.0/GNU-tools-for-STM32/bin/../lib/gcc/arm-none-eabi/12.3.1/../../../../arm-none-eabi/lib/thumb/v8-m.main+fp/hard/libc_nano.a(libc_a-init.o)
 .ARM.attributes
                0x000000ce       0x3a CMakeFiles/polyvarium_v2.dir/Core/Src/timers.c.obj
 .ARM.attributes
                0x00000108       0x3a CMakeFiles/polyvarium_v2.dir/Core/Src/main.c.obj
 .ARM.attributes
                0x00000142       0x3a CMakeFiles/polyvarium_v2.dir/Core/Src/stm32h5xx_it.c.obj
 .ARM.attributes
                0x0000017c       0x3a CMakeFiles/polyvarium_v2.dir/Core/Src/stm32h5xx_hal_msp.c.obj
 .ARM.attributes
                0x000001b6       0x3a CMakeFiles/polyvarium_v2.dir/Drivers/STM32H5xx_HAL_Driver/Src/stm32h5xx_hal_cortex.c.obj
 .ARM.attributes
                0x000001f0       0x3a CMakeFiles/polyvarium_v2.dir/Drivers/STM32H5xx_HAL_Driver/Src/stm32h5xx_hal_rcc.c.obj
 .ARM.attributes
                0x0000022a       0x3a CMakeFiles/polyvarium_v2.dir/Drivers/STM32H5xx_HAL_Driver/Src/stm32h5xx_hal.c.obj
 .ARM.attributes
                0x00000264       0x3a CMakeFiles/polyvarium_v2.dir/Core/Src/system_stm32h5xx.c.obj
 .ARM.attributes
                0x0000029e       0x24 CMakeFiles/polyvarium_v2.dir/startup_stm32h503xx.s.obj
 .ARM.attributes
                0x000002c2       0x26 /opt/ST/STM32CubeCLT_1.16.0/GNU-tools-for-STM32/bin/../lib/gcc/arm-none-eabi/12.3.1/thumb/v8-m.main+fp/hard/crtn.o
OUTPUT(polyvarium_v2.elf elf32-littlearm)
LOAD linker stubs
LOAD /opt/ST/STM32CubeCLT_1.16.0/GNU-tools-for-STM32/bin/../lib/gcc/arm-none-eabi/12.3.1/../../../../arm-none-eabi/lib/thumb/v8-m.main+fp/hard/libc.a
LOAD /opt/ST/STM32CubeCLT_1.16.0/GNU-tools-for-STM32/bin/../lib/gcc/arm-none-eabi/12.3.1/../../../../arm-none-eabi/lib/thumb/v8-m.main+fp/hard/libm.a
LOAD /opt/ST/STM32CubeCLT_1.16.0/GNU-tools-for-STM32/bin/../lib/gcc/arm-none-eabi/12.3.1/thumb/v8-m.main+fp/hard/libgcc.a

.debug_frame    0x00000000     0x118c
 .debug_frame   0x00000000       0x20 /opt/ST/STM32CubeCLT_1.16.0/GNU-tools-for-STM32/bin/../lib/gcc/arm-none-eabi/12.3.1/../../../../arm-none-eabi/lib/thumb/v8-m.main+fp/hard/libc_nano.a(libc_a-memset.o)
 .debug_frame   0x00000020       0x2c /opt/ST/STM32CubeCLT_1.16.0/GNU-tools-for-STM32/bin/../lib/gcc/arm-none-eabi/12.3.1/../../../../arm-none-eabi/lib/thumb/v8-m.main+fp/hard/libc_nano.a(libc_a-init.o)
 .debug_frame   0x0000004c      0x114 CMakeFiles/polyvarium_v2.dir/Core/Src/timers.c.obj
 .debug_frame   0x00000160       0x68 CMakeFiles/polyvarium_v2.dir/Core/Src/main.c.obj
 .debug_frame   0x000001c8      0x104 CMakeFiles/polyvarium_v2.dir/Core/Src/stm32h5xx_it.c.obj
 .debug_frame   0x000002cc       0x30 CMakeFiles/polyvarium_v2.dir/Core/Src/stm32h5xx_hal_msp.c.obj
 .debug_frame   0x000002fc      0x560 CMakeFiles/polyvarium_v2.dir/Drivers/STM32H5xx_HAL_Driver/Src/stm32h5xx_hal_cortex.c.obj
 .debug_frame   0x0000085c      0x264 CMakeFiles/polyvarium_v2.dir/Drivers/STM32H5xx_HAL_Driver/Src/stm32h5xx_hal_rcc.c.obj
 .debug_frame   0x00000ac0      0x66c CMakeFiles/polyvarium_v2.dir/Drivers/STM32H5xx_HAL_Driver/Src/stm32h5xx_hal.c.obj
 .debug_frame   0x0000112c       0x60 CMakeFiles/polyvarium_v2.dir/Core/Src/system_stm32h5xx.c.obj

.debug_info     0x00000000     0x4c66
 .debug_info    0x00000000      0x469 CMakeFiles/polyvarium_v2.dir/Core/Src/timers.c.obj
 .debug_info    0x00000469      0x491 CMakeFiles/polyvarium_v2.dir/Core/Src/main.c.obj
 .debug_info    0x000008fa      0x128 CMakeFiles/polyvarium_v2.dir/Core/Src/stm32h5xx_it.c.obj
 .debug_info    0x00000a22       0x9f CMakeFiles/polyvarium_v2.dir/Core/Src/stm32h5xx_hal_msp.c.obj
 .debug_info    0x00000ac1     0x1522 CMakeFiles/polyvarium_v2.dir/Drivers/STM32H5xx_HAL_Driver/Src/stm32h5xx_hal_cortex.c.obj
 .debug_info    0x00001fe3      0xfdf CMakeFiles/polyvarium_v2.dir/Drivers/STM32H5xx_HAL_Driver/Src/stm32h5xx_hal_rcc.c.obj
 .debug_info    0x00002fc2     0x1069 CMakeFiles/polyvarium_v2.dir/Drivers/STM32H5xx_HAL_Driver/Src/stm32h5xx_hal.c.obj
 .debug_info    0x0000402b      0xc0b CMakeFiles/polyvarium_v2.dir/Core/Src/system_stm32h5xx.c.obj
 .debug_info    0x00004c36       0x30 CMakeFiles/polyvarium_v2.dir/startup_stm32h503xx.s.obj

.debug_abbrev   0x00000000      0xe14
 .debug_abbrev  0x00000000      0x1c7 CMakeFiles/polyvarium_v2.dir/Core/Src/timers.c.obj
 .debug_abbrev  0x000001c7      0x1ec CMakeFiles/polyvarium_v2.dir/Core/Src/main.c.obj
 .debug_abbrev  0x000003b3       0x73 CMakeFiles/polyvarium_v2.dir/Core/Src/stm32h5xx_it.c.obj
 .debug_abbrev  0x00000426       0x45 CMakeFiles/polyvarium_v2.dir/Core/Src/stm32h5xx_hal_msp.c.obj
 .debug_abbrev  0x0000046b      0x311 CMakeFiles/polyvarium_v2.dir/Drivers/STM32H5xx_HAL_Driver/Src/stm32h5xx_hal_cortex.c.obj
 .debug_abbrev  0x0000077c      0x28e CMakeFiles/polyvarium_v2.dir/Drivers/STM32H5xx_HAL_Driver/Src/stm32h5xx_hal_rcc.c.obj
 .debug_abbrev  0x00000a0a      0x2ac CMakeFiles/polyvarium_v2.dir/Drivers/STM32H5xx_HAL_Driver/Src/stm32h5xx_hal.c.obj
 .debug_abbrev  0x00000cb6      0x13a CMakeFiles/polyvarium_v2.dir/Core/Src/system_stm32h5xx.c.obj
 .debug_abbrev  0x00000df0       0x24 CMakeFiles/polyvarium_v2.dir/startup_stm32h503xx.s.obj

.debug_aranges  0x00000000      0x4d0
 .debug_aranges
                0x00000000       0x50 CMakeFiles/polyvarium_v2.dir/Core/Src/timers.c.obj
 .debug_aranges
                0x00000050       0x30 CMakeFiles/polyvarium_v2.dir/Core/Src/main.c.obj
 .debug_aranges
                0x00000080       0x60 CMakeFiles/polyvarium_v2.dir/Core/Src/stm32h5xx_it.c.obj
 .debug_aranges
                0x000000e0       0x20 CMakeFiles/polyvarium_v2.dir/Core/Src/stm32h5xx_hal_msp.c.obj
 .debug_aranges
                0x00000100      0x140 CMakeFiles/polyvarium_v2.dir/Drivers/STM32H5xx_HAL_Driver/Src/stm32h5xx_hal_cortex.c.obj
 .debug_aranges
                0x00000240       0xa0 CMakeFiles/polyvarium_v2.dir/Drivers/STM32H5xx_HAL_Driver/Src/stm32h5xx_hal_rcc.c.obj
 .debug_aranges
                0x000002e0      0x1a0 CMakeFiles/polyvarium_v2.dir/Drivers/STM32H5xx_HAL_Driver/Src/stm32h5xx_hal.c.obj
 .debug_aranges
                0x00000480       0x28 CMakeFiles/polyvarium_v2.dir/Core/Src/system_stm32h5xx.c.obj
 .debug_aranges
                0x000004a8       0x28 CMakeFiles/polyvarium_v2.dir/startup_stm32h503xx.s.obj

.debug_rnglists
                0x00000000      0x37b
 .debug_rnglists
                0x00000000       0x38 CMakeFiles/polyvarium_v2.dir/Core/Src/timers.c.obj
 .debug_rnglists
                0x00000038       0x20 CMakeFiles/polyvarium_v2.dir/Core/Src/main.c.obj
 .debug_rnglists
                0x00000058       0x43 CMakeFiles/polyvarium_v2.dir/Core/Src/stm32h5xx_it.c.obj
 .debug_rnglists
                0x0000009b       0x13 CMakeFiles/polyvarium_v2.dir/Core/Src/stm32h5xx_hal_msp.c.obj
 .debug_rnglists
                0x000000ae       0xec CMakeFiles/polyvarium_v2.dir/Drivers/STM32H5xx_HAL_Driver/Src/stm32h5xx_hal_cortex.c.obj
 .debug_rnglists
                0x0000019a       0x79 CMakeFiles/polyvarium_v2.dir/Drivers/STM32H5xx_HAL_Driver/Src/stm32h5xx_hal_rcc.c.obj
 .debug_rnglists
                0x00000213      0x134 CMakeFiles/polyvarium_v2.dir/Drivers/STM32H5xx_HAL_Driver/Src/stm32h5xx_hal.c.obj
 .debug_rnglists
                0x00000347       0x1b CMakeFiles/polyvarium_v2.dir/Core/Src/system_stm32h5xx.c.obj
 .debug_rnglists
                0x00000362       0x19 CMakeFiles/polyvarium_v2.dir/startup_stm32h503xx.s.obj

.debug_macro    0x00000000    0x1c2fd
 .debug_macro   0x00000000      0x142 CMakeFiles/polyvarium_v2.dir/Core/Src/timers.c.obj
 .debug_macro   0x00000142      0x240 CMakeFiles/polyvarium_v2.dir/Core/Src/main.c.obj
 .debug_macro   0x00000382      0x1be CMakeFiles/polyvarium_v2.dir/Core/Src/main.c.obj
 .debug_macro   0x00000540       0x6e CMakeFiles/polyvarium_v2.dir/Core/Src/main.c.obj
 .debug_macro   0x000005ae       0x94 CMakeFiles/polyvarium_v2.dir/Core/Src/main.c.obj
 .debug_macro   0x00000642       0x57 CMakeFiles/polyvarium_v2.dir/Core/Src/main.c.obj
 .debug_macro   0x00000699      0x19b CMakeFiles/polyvarium_v2.dir/Core/Src/main.c.obj
 .debug_macro   0x00000834       0x28 CMakeFiles/polyvarium_v2.dir/Core/Src/main.c.obj
 .debug_macro   0x0000085c       0x42 CMakeFiles/polyvarium_v2.dir/Core/Src/main.c.obj
 .debug_macro   0x0000089e       0x1c CMakeFiles/polyvarium_v2.dir/Core/Src/main.c.obj
 .debug_macro   0x000008ba       0x29 CMakeFiles/polyvarium_v2.dir/Core/Src/main.c.obj
 .debug_macro   0x000008e3       0xfb CMakeFiles/polyvarium_v2.dir/Core/Src/main.c.obj
 .debug_macro   0x000009de     0x1685 CMakeFiles/polyvarium_v2.dir/Core/Src/main.c.obj
 .debug_macro   0x00002063       0x5e CMakeFiles/polyvarium_v2.dir/Core/Src/main.c.obj
 .debug_macro   0x000020c1    0x12007 CMakeFiles/polyvarium_v2.dir/Core/Src/main.c.obj
 .debug_macro   0x000140c8       0x6d CMakeFiles/polyvarium_v2.dir/Core/Src/main.c.obj
 .debug_macro   0x00014135     0x3891 CMakeFiles/polyvarium_v2.dir/Core/Src/main.c.obj
 .debug_macro   0x000179c6       0x63 CMakeFiles/polyvarium_v2.dir/Core/Src/main.c.obj
 .debug_macro   0x00017a29     0x146a CMakeFiles/polyvarium_v2.dir/Core/Src/main.c.obj
 .debug_macro   0x00018e93      0x75e CMakeFiles/polyvarium_v2.dir/Core/Src/main.c.obj
 .debug_macro   0x000195f1      0x166 CMakeFiles/polyvarium_v2.dir/Core/Src/main.c.obj
 .debug_macro   0x00019757      0x1a6 CMakeFiles/polyvarium_v2.dir/Core/Src/main.c.obj
 .debug_macro   0x000198fd      0x527 CMakeFiles/polyvarium_v2.dir/Core/Src/main.c.obj
 .debug_macro   0x00019e24      0x40f CMakeFiles/polyvarium_v2.dir/Core/Src/main.c.obj
 .debug_macro   0x0001a233       0xd6 CMakeFiles/polyvarium_v2.dir/Core/Src/main.c.obj
 .debug_macro   0x0001a309      0x1ce CMakeFiles/polyvarium_v2.dir/Core/Src/main.c.obj
 .debug_macro   0x0001a4d7      0x1c3 CMakeFiles/polyvarium_v2.dir/Core/Src/main.c.obj
 .debug_macro   0x0001a69a      0x4ef CMakeFiles/polyvarium_v2.dir/Core/Src/main.c.obj
 .debug_macro   0x0001ab89       0x58 CMakeFiles/polyvarium_v2.dir/Core/Src/main.c.obj
 .debug_macro   0x0001abe1      0x272 CMakeFiles/polyvarium_v2.dir/Core/Src/main.c.obj
 .debug_macro   0x0001ae53      0x1a6 CMakeFiles/polyvarium_v2.dir/Core/Src/main.c.obj
 .debug_macro   0x0001aff9      0x20a CMakeFiles/polyvarium_v2.dir/Core/Src/main.c.obj
 .debug_macro   0x0001b203      0x31f CMakeFiles/polyvarium_v2.dir/Core/Src/main.c.obj
 .debug_macro   0x0001b522      0x24a CMakeFiles/polyvarium_v2.dir/Core/Src/stm32h5xx_it.c.obj
 .debug_macro   0x0001b76c      0x240 CMakeFiles/polyvarium_v2.dir/Core/Src/stm32h5xx_hal_msp.c.obj
 .debug_macro   0x0001b9ac      0x236 CMakeFiles/polyvarium_v2.dir/Drivers/STM32H5xx_HAL_Driver/Src/stm32h5xx_hal_cortex.c.obj
 .debug_macro   0x0001bbe2      0x278 CMakeFiles/polyvarium_v2.dir/Drivers/STM32H5xx_HAL_Driver/Src/stm32h5xx_hal_rcc.c.obj
 .debug_macro   0x0001be5a      0x266 CMakeFiles/polyvarium_v2.dir/Drivers/STM32H5xx_HAL_Driver/Src/stm32h5xx_hal.c.obj
 .debug_macro   0x0001c0c0      0x23d CMakeFiles/polyvarium_v2.dir/Core/Src/system_stm32h5xx.c.obj

.debug_line     0x00000000     0x49f5
 .debug_line    0x00000000      0x45c CMakeFiles/polyvarium_v2.dir/Core/Src/timers.c.obj
 .debug_line    0x0000045c      0x6c4 CMakeFiles/polyvarium_v2.dir/Core/Src/main.c.obj
 .debug_line    0x00000b20      0x708 CMakeFiles/polyvarium_v2.dir/Core/Src/stm32h5xx_it.c.obj
 .debug_line    0x00001228      0x641 CMakeFiles/polyvarium_v2.dir/Core/Src/stm32h5xx_hal_msp.c.obj
 .debug_line    0x00001869      0xcb6 CMakeFiles/polyvarium_v2.dir/Drivers/STM32H5xx_HAL_Driver/Src/stm32h5xx_hal_cortex.c.obj
 .debug_line    0x0000251f     0x10a1 CMakeFiles/polyvarium_v2.dir/Drivers/STM32H5xx_HAL_Driver/Src/stm32h5xx_hal_rcc.c.obj
 .debug_line    0x000035c0      0xc07 CMakeFiles/polyvarium_v2.dir/Drivers/STM32H5xx_HAL_Driver/Src/stm32h5xx_hal.c.obj
 .debug_line    0x000041c7      0x7b7 CMakeFiles/polyvarium_v2.dir/Core/Src/system_stm32h5xx.c.obj
 .debug_line    0x0000497e       0x77 CMakeFiles/polyvarium_v2.dir/startup_stm32h503xx.s.obj

.debug_str      0x00000000    0xb9f47
 .debug_str     0x00000000     0x6db4 CMakeFiles/polyvarium_v2.dir/Core/Src/timers.c.obj
                               0x6fc3 (size before relaxing)
 .debug_str     0x00006db4    0xb15c6 CMakeFiles/polyvarium_v2.dir/Core/Src/main.c.obj
                              0xb825c (size before relaxing)
 .debug_str     0x000b837a       0xe4 CMakeFiles/polyvarium_v2.dir/Core/Src/stm32h5xx_it.c.obj
                              0xb8041 (size before relaxing)
 .debug_str     0x000b845e       0x47 CMakeFiles/polyvarium_v2.dir/Core/Src/stm32h5xx_hal_msp.c.obj
                              0xb7fa4 (size before relaxing)
 .debug_str     0x000b84a5      0xc29 CMakeFiles/polyvarium_v2.dir/Drivers/STM32H5xx_HAL_Driver/Src/stm32h5xx_hal_cortex.c.obj
                              0xb8d8b (size before relaxing)
 .debug_str     0x000b90ce      0x5ff CMakeFiles/polyvarium_v2.dir/Drivers/STM32H5xx_HAL_Driver/Src/stm32h5xx_hal_rcc.c.obj
                              0xb89ee (size before relaxing)
 .debug_str     0x000b96cd      0x7b0 CMakeFiles/polyvarium_v2.dir/Drivers/STM32H5xx_HAL_Driver/Src/stm32h5xx_hal.c.obj
                              0xb9021 (size before relaxing)
 .debug_str     0x000b9e7d       0x7a CMakeFiles/polyvarium_v2.dir/Core/Src/system_stm32h5xx.c.obj
                              0xb84ae (size before relaxing)
 .debug_str     0x000b9ef7       0x50 CMakeFiles/polyvarium_v2.dir/startup_stm32h503xx.s.obj
                                 0x7a (size before relaxing)

.comment        0x00000000       0x43
 .comment       0x00000000       0x43 CMakeFiles/polyvarium_v2.dir/Core/Src/timers.c.obj
                                 0x44 (size before relaxing)
 .comment       0x00000043       0x44 CMakeFiles/polyvarium_v2.dir/Core/Src/main.c.obj
 .comment       0x00000043       0x44 CMakeFiles/polyvarium_v2.dir/Core/Src/stm32h5xx_it.c.obj
 .comment       0x00000043       0x44 CMakeFiles/polyvarium_v2.dir/Core/Src/stm32h5xx_hal_msp.c.obj
 .comment       0x00000043       0x44 CMakeFiles/polyvarium_v2.dir/Drivers/STM32H5xx_HAL_Driver/Src/stm32h5xx_hal_cortex.c.obj
 .comment       0x00000043       0x44 CMakeFiles/polyvarium_v2.dir/Drivers/STM32H5xx_HAL_Driver/Src/stm32h5xx_hal_rcc.c.obj
 .comment       0x00000043       0x44 CMakeFiles/polyvarium_v2.dir/Drivers/STM32H5xx_HAL_Driver/Src/stm32h5xx_hal.c.obj
 .comment       0x00000043       0x44 CMakeFiles/polyvarium_v2.dir/Core/Src/system_stm32h5xx.c.obj

.debug_line_str
                0x00000000       0x5e
 .debug_line_str
                0x00000000       0x5e CMakeFiles/polyvarium_v2.dir/startup_stm32h503xx.s.obj
